$ pnpm --filter @unit-test-ide/service-probe test:e2e:native
$ node build-service.mjs && pnpm run build && node dist/native-run.js
$ tsc -b tsconfig.json
native-e2e: msvc default-build
native-e2e: msvc secondary-target
native-e2e: msvc configure-invalidation
native-e2e: msvc typed-rejections
native-e2e: msvc cancellation-reconnect
native-e2e: msvc cancellation-recovery
native-e2e: msvc timeout
native-e2e: msvc preset-build
native-e2e: msvc compiler-diagnostic
native-e2e: msvc compiler-failure diagnostics did not satisfy {"kind":"compiler","severity":"error","file":"<workspace>/src/main.cpp","line":3,"codePattern":"^(C[0-9]+|COMPILER_ERROR)$","messageContains":"UNIT_TEST_IDE_UNKNOWN_IDENTIFIER"}: [{"category":"build_error","code":"C2065","column":21,"line":3,"message":"“UNIT_TEST_IDE_UNKNOWN_IDENTIFIER”: 未声明的标识符","severity":"error","sourceUri":"workspace:///"}]; output=-- Selecting Windows SDK version 10.0.26100.0 to target Windows 10.0.26200.
-- The CXX compiler identification is MSVC 19.43.34810.0
-- Detecting CXX compiler ABI info
-- Detecting CXX compiler ABI info - done
-- Check for working CXX compiler: [redacted-path] Files (x86)/Microsoft Visual Studio/2022/BuildTools/VC/Tools/MSVC/14.43.34808/bin/Hostx64/x64/cl.exe - skipped
-- Detecting CXX compile features
-- Detecting CXX compile features - done
-- Configuring done (1.9s)
-- Generating done (0.0s)
CMake Warning:
  Manually-specified variables were not used by the project:

    CMAKE_C_COMPILER


-- Build files have been written to: [redacted-path]
适用于 .NET Framework MSBuild 版本 17.14.51+25f168cee

  1>Checking Build System
  Building Custom Rule [redacted-path]
  main.cpp
[redacted-path] error C2065: “UNIT_TEST_IDE_UNKNOWN_IDENTIFIER”: 未声明的标识符 [[redacted-path]

