$ pnpm --filter @unit-test-ide/service-probe test:e2e:native
$ node build-service.mjs && pnpm run build && node dist/native-run.js
$ tsc -b tsconfig.json
native-e2e: msvc default-build
native-e2e: msvc secondary-target
native-e2e: msvc configure-invalidation
native-e2e: msvc typed-rejections
native-e2e: msvc cancellation-reconnect
native-e2e: msvc cancellation-recovery
native-e2e: msvc timeout
native-e2e: msvc preset-build
native-e2e: msvc preset build did not identify MSVC 19.44.35228.0; output=Warning: Environment variable CMAKE_GENERATOR_TOOLSET will be ignored, because CMAKE_GENERATOR is not set.
-- Selecting Windows SDK version 10.0.26100.0 to target Windows 10.0.26200.
-- The CXX compiler identification is MSVC 19.43.34810.0
-- Detecting CXX compiler ABI info
-- Detecting CXX compiler ABI info - done
-- Check for working CXX compiler: [redacted-path] Files (x86)/Microsoft Visual Studio/2022/BuildTools/VC/Tools/MSVC/14.43.34808/bin/Hostx64/x64/cl.exe - skipped
-- Detecting CXX compile features
-- Detecting CXX compile features - done
-- Configuring done (1.9s)
-- Generating done (0.0s)
-- Build files have been written to: [redacted-path]
适用于 .NET Framework MSBuild 版本 17.14.51+25f168cee

  1>Checking Build System
CUSTOMBUILD : warning : Environment variable CMAKE_GENERATOR_TOOLSET will be ignored, because CMAKE_GENERATOR is not set. [[redacted-path]
  Building Custom Rule [redacted-path]
CUSTOMBUILD : warning : Environment variable CMAKE_GENERATOR_TOOLSET will be ignored, because CMAKE_GENERATOR is not set. [[redacted-path]
  正在扫描源以查找模块依赖项...
  math.cpp
  正在编译...
  math.cpp
  math.vcxproj -> [redacted-path]
  Building Custom Rule [redacted-path]
CUSTOMBUILD : warning : Environment variable CMAKE_GENERATOR_TOOLSET will be ignored, because CMAKE_GENERATOR is not set. [[redacted-path]
  正在扫描源以查找模块依赖项...
  main.cpp
  正在编译...
  main.cpp
  sample_app.vcxproj -> [redacted-path]
  Building Custom Rule [redacted-path]
CUSTOMBUILD : warning : Environment variable CMAKE_GENERATOR_TOOLSET will be ignored, because CMAKE_GENERATOR is not set. [[redacted-path]

