Scope: 7 of 8 workspace projects
packages/protocol-models build$ tsc -b tsconfig.json
packages/protocol-models build: Done
packages/test-client build$ tsc -b tsconfig.json
packages/coverage-models build$ tsc -b tsconfig.json
packages/coverage-models build: Done
packages/test-client build: Done
tools/service-probe build$ tsc -b tsconfig.json
tools/service-probe build: Done
apps/code-oss-extension build$ tsc -b tsconfig.json
apps/code-oss-extension build: Done
✔ creation binds fixed source coordinates, summaries, and deterministic canonical records (12.7726ms)
✔ validation rejects mutated producer and immutable artifact identities (6.7372ms)
✔ validation rejects every provenance scalar mutation and every extra key (7.8529ms)
✔ creation rejects closed request and independent runtime summary shape violations (6.1728ms)
✔ validation rejects null, non-enumerable, symbol, drift, and path-bearing provenance values (2.5844ms)
✔ creation and validation reject toggling accessor properties at every public boundary (2.8998ms)
✔ creation and validation reject non-enumerable required fields (2.1504ms)
✔ CLI rehashes real mode and tool files, emits canonical bytes, validates manifest and never leaks paths (10758.763ms)
✔ CLI rejects a manifest reached through a directory link or junction (484.4646ms)
﹣ opt-in CLI creation binds mode file count, bytes, and exact tree digest (0.5276ms) # UNIT_TEST_IDE_REAL_APPIMAGETOOL is not set
﹣ descriptor attestation rejects an ancestor swapped to a directory link after open (0.1431ms) # Windows prevents renaming an ancestor while its child descriptor is open
✔ canonical output refuses linked and swapped output ancestors without partial publication (1979.5476ms)
✔ canonical output never leaves a replaced staged file published after failure (2673.7704ms)
✔ canonical output requires a fresh dedicated output directory and preserves prior files (1231.1326ms)
﹣ POSIX canonical output rejects a group-or-world-writable output parent (0.2446ms) # Windows validates directory ownership and reparse state instead of POSIX mode bits
✔ atomic no-clobber publication preserves a target created at the commit boundary (2850.1491ms)
✔ atomic publication refuses a stage exchanged at the commit boundary (2985.6227ms)
✔ a post-commit failure never deletes a later replacement target (2810.2175ms)
✔ Windows inventory binds exact path, decimal size, digest, and executable record bytes (1002.6166ms)
✔ inventory validation rejects unsafe file integers and aggregate total overflow (1.1459ms)
✔ tree digest independently binds path, decimal size, SHA, and executable bytes (0.7038ms)
✔ Linux inventory accepts only complete exact sorted size and digest mode records (2730.6439ms)
✔ tree digest changes with content but not timestamps or directory modes (3358.3075ms)
✔ descriptor snapshots reject a deterministic same-object same-size content mutation (1315.7556ms)
﹣ descriptor snapshots reject a deterministic same-object mode mutation (0.3561ms) # SKIP
✔ descriptor-captured product bytes and launcher digest are the inventory identity source (886.8135ms)
✔ producer rejects missing required files and directory link or junction entries (897.612ms)
﹣ producer rejects direct symbolic links, unsafe paths, case aliases, and special files (0.3764ms) # SKIP
✔ public inventory requests are closed and reject mode inventory on Windows (15.6306ms)
✔ CLI writes both success artifacts as canonical path-free one-line JSON (2543.1724ms)
✔ Windows CLI accepts a direct 8.3 output parent and rejects a short-long duplicate target (3747.9063ms)
✔ Windows CLI rejects a same-identity Volume GUID output namespace alias (632.5176ms)
✔ CLI rejects identical and hard-link-equivalent destinations before writing (1298.3489ms)
✔ parallel second-stage failure removes the successful peer stage and creates no output (2590.4045ms)
✔ second-commit failure removes new outputs and restores both pre-existing targets (4067.7761ms)
✔ post-publish failure restores both pre-existing targets (1786.4973ms)
✔ staging rejects an output ancestor replaced by a link after inspection (2725.6979ms)
✔ CLI refuses a symlinked output ancestor without touching its referent (86.4144ms)
✔ validateSourceManifest returns a frozen canonical copy (2.3846ms)
✔ validateSourceManifest rejects every changed field and non-closed shape (1.5852ms)
▶ loadSourceManifest accepts only a real canonical JSON file
  ﹣ linked file (1.2035ms) # symbolic links unavailable
✔ loadSourceManifest accepts only a real canonical JSON file (28.5063ms)
✔ validateProducerInvocation accepts only the fixed producer identity (0.9042ms)
✔ verifyCodeOssCheckout checks the fixed upstream metadata (86.7007ms)
✔ verifyCodeOssCheckout rejects a linked intermediate directory (10.0811ms)
✔ verifyCodeOssCheckout rejects a linked ancestor of the supplied checkout root (13.9629ms)
✔ CLI exports fixed outputs and keeps failures path-free and atomic (507.117ms)
✔ CLI authorize and verify-checkout emit no root path (334.6866ms)
✔ validateProducerRunMetadata projects exactly the trusted successful run (4.6804ms)
✔ validateProducerRunMetadata independently rejects each run binding (3.5266ms)
✔ selectProvenanceArtifact closes the selected attempt artifact list (2.2962ms)
✔ selectProvenanceArtifact ignores unrelated GitHub fields without reading them (0.5082ms)
✔ validateProducerRunMetadata ignores unrelated API fields without reading them (0.5031ms)
✔ validateProducerRunMetadata rejects ambiguous required API fields (1.1628ms)
✔ validateTrustedReleaseInputs binds the second API snapshot to immutable provenance identities (12.5049ms)
✔ validateTrustedReleaseInputs applies every API run binding before provenance acceptance (2.961ms)
✔ CLI validates run identity before exporting only fixed output keys (3248.5983ms)
✔ CLI provenance failures cannot inject GitHub output or leak local paths (3210.9129ms)
✔ CLI validate-provenance closes independent content pins without output injection (19282.5246ms)
✔ CLI validate-attempt accepts only the exact current attempt and writes no output (3171.4744ms)
✔ CLI rejects hard-linked run or GitHub output files before either can modify another path (2264.041ms)
✔ trusted JSON reads reject same-inode content changes after opening or reading (2104.0934ms)
✔ test hooks snapshot functions before async boundaries instead of rereading replacement getters (1381.0102ms)
✔ GitHub output append rolls back partial writes and failed syncs on its original descriptor (705.4139ms)
✔ GitHub output append rejects same-inode prefix replacement and restores its original bytes (355.4707ms)
✔ GitHub output append rejects same-length suffix replacement and restores its expected bytes (350.202ms)
﹣ CLI rejects a linked producer-run input (2900.609ms) # symbolic links unavailable
﹣ CLI rejects a linked GitHub output (2.9802ms) # symbolic links unavailable
✔ CLI rejects a producer run reached through a directory junction (430.838ms)
✔ workflow exposes only an input-free manual trigger and minimum read permissions (2.9451ms)
✔ workflow contains only the four closed jobs on fixed hosted runners (2.6418ms)
✔ authorization is fail-closed and every producer job depends on it (1.0221ms)
✔ authorize exports the fixed local pnpm bin before running the producer suite (1.3506ms)
✔ all action references are reviewed full commit pins (0.9725ms)
✔ workflow has no secret, local-runtime, mutable-tool, or expression-in-shell escape hatch (2.9452ms)
✔ both builds use the fixed fresh checkout, toolchains, Gulp targets, and output roots (1.9397ms)
✔ fixed Yarn exports the executable location required by Code-OSS preinstall (0.6844ms)
✔ build steps invoke pinned Yarn JS with a narrowly scoped parent-manager bypass (1.0744ms)
✔ Windows validates, bounds launcher execution, inventories, and stages before upload (1109.4456ms)
✔ Visual Studio preflight contract rejects installation guards hidden in comments (1034.9785ms)
✔ Visual Studio preflight contract rejects installation guards in a constant-false branch (958.8828ms)
✔ Visual Studio preflight contract rejects installation guards in a never-entered catch (1027.8765ms)
✔ Visual Studio preflight contract rejects installation guards in a constant-false loop (1409.6378ms)
✔ Visual Studio preflight contract rejects an installation guard whose throw is unreachable (1167.5343ms)
✔ Visual Studio preflight contract rejects return before its linear validation triple (1625.2042ms)
✔ Visual Studio preflight contract rejects successful exit before its linear validation triple (1083.0032ms)
✔ Linux creates and validates modes, bounds launcher execution, inventories, and stages exact roots (0.8629ms)
✔ launcher version checks execute packaged CLI wrappers instead of GUI binaries (0.6423ms)
✔ uploads expose immutable identities under attempt-qualified transport names (5.161ms)
✔ attestation validates immutable coordinates before ID-only downloads and independently revalidates them (3.383ms)
✔ provenance and post-validation summary bind and expose only validated immutable identities (1.206ms)
✔ package scripts run the closed producer suite early and enumerate every producer contract (0.1236ms)
✔ foundation validates producer identity before downloading one exact provenance artifact (7.923ms)
✔ foundation package jobs consume only the trust job closed coordinates (5.9053ms)
ℹ tests 94
ℹ suites 0
ℹ pass 86
ℹ fail 0
ℹ cancelled 0
ℹ skipped 8
ℹ todo 0
ℹ duration_ms 39587.7755
✔ check rejects generated TypeScript output with CRLF line endings (1845.4297ms)
✔ check rejects generated TypeScript output without its final newline (1834.0959ms)
✔ normal generation does not replace any target when a later generator fails (202.039ms)
✔ normal generation restores every destination and removes transaction files when replacement fails (199.7062ms)
ℹ tests 4
ℹ suites 0
ℹ pass 4
ℹ fail 0
ℹ cancelled 0
ℹ skipped 0
ℹ todo 0
ℹ duration_ms 4168.6365
✔ platformKey accepts only the supported operating system and architecture pairs (1.5547ms)
✔ validateManifest accepts only the fixed closed supply-chain contract (2.6773ms)
✔ tracked manifest keeps the reviewed CMake 4.3.4 trust anchors (6.187ms)
✔ redirect validation keeps every response on the locked CMake distribution URL (0.3959ms)
✔ CLI output stays inside the repository or an explicit absolute CI root (0.6714ms)
✔ sha256File and verifyInstalledFiles stream and bind installed paths to digests (15.5141ms)
✔ fixed prepareBundle rejects an archive digest mismatch without publishing staging (13.3569ms)
✔ preparation rejects an output root beneath a symlink or junction before download (2.8255ms)
✔ preparation binds published manifest bytes to the validated manifest object (1.3256ms)
✔ offline preparation publishes an immutable verified bundle and exact manifest (42.8841ms)
▶ installed executable, CTest, or license mismatch removes staging and preserves no target
  ✔ executable (18.3984ms)
  ✔ ctest (19.0448ms)
  ✔ license (19.716ms)
✔ installed executable, CTest, or license mismatch removes staging and preserves no target (57.9706ms)
✔ bundled CTest version must match the pinned CMake version (18.7825ms)
✔ post-extraction audit rejects a symlink or junction omitted from the listing (17.5377ms)
▶ unsafe archive entries are rejected before extraction
  ✔ file /absolute/cmake (11.101ms)
  ✔ file ../escape (10.4284ms)
  ✔ file cmake-4.3.4-linux-x86_64/../../escape (11.5729ms)
  ✔ file C:/escape (10.4471ms)
  ✔ file cmake-4.3.4-linux-x86_64/file:stream (10.1898ms)
  ✔ file other-root/bin/cmake (9.7541ms)
  ✔ symlink cmake-4.3.4-linux-x86_64/link (10.5109ms)
  ✔ device cmake-4.3.4-linux-x86_64/device (9.6086ms)
✔ unsafe archive entries are rejected before extraction (84.8844ms)
✔ an existing complete bundle is verified and reused without downloading (38.072ms)
✔ a publish race keeps the existing valid target and discards staging (38.7977ms)
✔ system archive inspection reports only regular files and directories (76.6784ms)
ℹ tests 28
ℹ suites 0
ℹ pass 28
ℹ fail 0
ℹ cancelled 0
ℹ skipped 0
ℹ todo 0
ℹ duration_ms 523.7213
✔ tracked manifest fixes the Python 3.14.6 and gcovr 8.6 source lock (78.5283ms)
✔ source artifacts and every locked wheel use reviewed HTTPS URLs and lowercase SHA-256 (3.3801ms)
✔ wheel lock has exact versions, unique normalized projects, no markers, editable packages, or sdists (1.8399ms)
✔ license contract is complete for each locked package and the two bundled licenses are present (2.7754ms)
✔ license contract rejects version drift and missing or truncated fixed lxml wheel materials (4.4109ms)
✔ schema is closed and rejects version drift, unsafe sources, lock ambiguity, and unpinned transitive dependencies (39.2906ms)
✔ schema predefines a closed resolved output record without pre-creating Task 2 digests (147.4084ms)
✔ layout accepts only the separate Windows/Linux x64 bundle keys (1.7363ms)
✔ platform-specific wheels are omitted from another platform's resolved inputs (10.7837ms)
✔ cold prepare downloads only the platform manifest allowlist and verifies before inspection (38.1017ms)
✔ tampered and interrupted downloads never reach inspection or leave partial cache files (5.3593ms)
✔ archive audit rejects traversal, symlink and duplicate entries before extraction (0.4133ms)
✔ archive audit accepts safe internal spaces in regular filenames (0.3272ms)
✔ prepare builds in a temp directory, writes READY last, and atomically publishes (34.4781ms)
✔ interrupted prepare leaves no consumable bundle (33.3646ms)
✔ post-install build failure leaves host-side staging removable and unpublished (12.7647ms)
✔ cache hit performs full resolved-manifest verification and detects tampering (49.4004ms)
✔ cache identity binds exact selected inputs and deterministic recipe provenance (49.4235ms)
✔ resolved output list and bytes are deterministic and include only regular generated files (63.6975ms)
✔ deterministic application ZIP round-trips every regular entry (3.4267ms)
✔ Windows isolation path excludes import site and forbidden final layout entries (42.562ms)
✔ resolved layout rejects unexpected top-level and app files (10.0473ms)
✔ cache verification reapplies exact app layout even when output digests were rewritten (29.2861ms)
✔ byte-level ZIP audit rejects unsafe paths, aliases, types, metadata and expansion (14.2623ms)
✔ byte-level TAR audit rejects unsafe paths, links, types, metadata and expansion (18.83ms)
✔ TAR audit accepts a safe GNU longname with identical extraction semantics (2.6351ms)
✔ TAR audit accepts the locked release archive's V7 headers (2.6593ms)
✔ TAR audit accepts a Linux source filename with a trailing dot (2.3177ms)
✔ TAR audit accepts only path-safe local PAX and metadata-only global PAX semantics (3.56ms)
✔ Linux builder contract pins image ABI, configure flags, source epoch and disables network (1.2802ms)
✔ Linux prune removes Tcl/Tk symlink fixtures before generic symlink materialization (0.6828ms)
✔ final layout rejects native Tk and Tcl/Tk runtime paths (50.7783ms)
✔ Linux Python invocation is isolated and Python-related environment is sanitized (0.3364ms)
✔ runner descriptor is closed and maps only fixed root/object/gcov/output fields (2.5248ms)
﹣ real Python runner contract rejects malformed descriptors (11.2683ms) # Python subprocess unavailable (EPERM): spawnSync python EPERM
ℹ tests 35
ℹ suites 0
ℹ pass 34
ℹ fail 0
ℹ cancelled 0
ℹ skipped 1
ℹ todo 0
ℹ duration_ms 607.0321
✖ UnitTestIDE CMake helper has strict deterministic framework registration (1516.1207ms)
✔ workspace schema accepts supported structured configuration (94.7484ms)
✔ workspace schema rejects shell-shaped fields as additional properties (78.7048ms)
✔ workspace schema rejects unsafe paths, duplicates, limits, and versions (70.7564ms)
✔ workspace schema enforces family-discriminated manual toolchains (70.6975ms)
✔ workspace schema accepts missing optional fields and rejects explicit null (39.5576ms)
✔ workspace JSON parsing uses the last repeated object member before schema validation (26.119ms)
✔ workspace schema accepts closed v3 coverage profiles without widening v1 or v2 (32.7223ms)
✔ workspace v3 schema rejects coverage injection, unsafe path, duplicates, and structural limits (42.0398ms)
✔ workspace v3 schema accepts exact coarse coverage maxima (40.3592ms)
✔ workspace pins supported toolchains (11.5566ms)
✔ release manifest contract stays pinned to the repository product identity (2.8169ms)
✔ README contains the complete local verification gate (1.5166ms)
✔ Phase 3 documentation records desktop, bundle, native, and security boundaries (4.9741ms)
✔ Hosted CI pins native toolchain runners and gates unstable Windows native E2E (2.5335ms)
✔ dependency metadata uses the official npm registry (1.1552ms)
✔ documentation records pre-write token file preparation (1.6406ms)
✔ release documentation describes complete digest-pinned Code-OSS runtime artifacts (1.1126ms)
✔ trusted producer documentation keeps unsigned qualification operational, closed, and incomplete (4.6109ms)
✔ release-input documentation binds run attempts and provenance to immutable artifact identities (6.1747ms)
✔ compiled Service runtime excludes HTTP, TLS, GitHub, and OAuth client stacks (575.1715ms)
✔ Go import audit parses commented raw and aliased import specs before policy checks (460.7696ms)
✔ network import policy permits pure URL parsing but still rejects transport stacks (0.1829ms)
✔ production packages constrain network-capable code to local IPC boundaries (469.5511ms)
✔ cross-platform transports constrain network-capable calls to local IPC (1.298ms)
✔ guardian Windows boundary constrains network-capable selectors to local IPC only (1.3171ms)
✔ guardian executable registration constrains network-capable selectors to local IPC only (0.699ms)
ℹ tests 27
ℹ suites 0
ℹ pass 26
ℹ fail 1
ℹ cancelled 0
ℹ skipped 0
ℹ todo 0
ℹ duration_ms 1684.1877

✖ failing tests:

test at tools\workspace-smoke\unit-test-ide-cmake-helper.test.mjs:90:1
✖ UnitTestIDE CMake helper has strict deterministic framework registration (1516.1207ms)
  AssertionError [ERR_ASSERTION]: cmake -S C:\Users\DELL\AppData\Local\Temp\utide-cmake-helper-Q2noW8\source with spaces-单元 -B C:\Users\DELL\AppData\Local\Temp\utide-cmake-helper-Q2noW8\build with spaces-单元 -DUNIT_TEST_IDE_HELPER=C:\codex_project\unitTest\.worktrees\fix-cli-launch-handshake\sdk\cmake\UnitTestIDE.cmake -DUTIDE_SCENARIO=valid -DUTIDE_UNITY_RUNNER_GENERATOR=C:\Users\DELL\AppData\Local\Temp\utide-cmake-helper-Q2noW8\unity-runner-generator.exe exited with 1
  -- Building for: Visual Studio 17 2022
  -- Selecting Windows SDK version 10.0.26100.0 to target Windows 10.0.26200.
  -- Configuring incomplete, errors occurred!
  
  CMake Error at CMakeLists.txt:3 (project):
    Failed to run MSBuild command:
  
      C:/Program Files (x86)/Microsoft Visual Studio/2022/BuildTools/MSBuild/Current/Bin/amd64/MSBuild.exe
  
    to get the value of VCTargetsPath:
  
      閫傜敤浜?.NET Framework MSBuild 鐗堟湰 17.14.51+25f168cee
      鐢熸垚鍚姩鏃堕棿涓?2026/9/3 10:44:21銆?
      
      鑺傜偣 1 涓婄殑椤圭洰鈥淐:\Users\DELL\AppData\Local\Temp\utide-cmake-helper-Q2noW8\build with spaces-鍗曞厓\CMakeFiles\4.3.4\VCTargetsPath.vcxproj鈥?榛樿鐩爣)銆?
      C:\Program Files (x86)\Microsoft Visual Studio\2022\BuildTools\MSBuild\Microsoft\VC\v170\Microsoft.Cpp.WindowsSDK.props(122,5): error MSB4184: 鏃犳硶璁＄畻琛ㄨ揪寮忊€淸Microsoft.Build.Utilities.ToolLocationHelper]::GetLatestSDKTargetPlatformVersion(Windows, 10.0)鈥濄€傚璺緞鈥淐:\Users\DELL\AppData\Local\Microsoft SDKs鈥濈殑璁块棶琚嫆缁濄€?[C:\Users\DELL\AppData\Local\Temp\utide-cmake-helper-Q2noW8\build with spaces-鍗曞厓\CMakeFiles\4.3.4\VCTargetsPath.vcxproj]
      宸插畬鎴愮敓鎴愰」鐩€淐:\Users\DELL\AppData\Local\Temp\utide-cmake-helper-Q2noW8\build with spaces-鍗曞厓\CMakeFiles\4.3.4\VCTargetsPath.vcxproj鈥?榛樿鐩爣)鐨勬搷浣?- 澶辫触銆?
      
      鐢熸垚澶辫触銆?
      
      鈥淐:\Users\DELL\AppData\Local\Temp\utide-cmake-helper-Q2noW8\build with spaces-鍗曞厓\CMakeFiles\4.3.4\VCTargetsPath.vcxproj鈥?榛樿鐩爣) (1) ->
        C:\Program Files (x86)\Microsoft Visual Studio\2022\BuildTools\MSBuild\Microsoft\VC\v170\Microsoft.Cpp.WindowsSDK.props(122,5): error MSB4184: 鏃犳硶璁＄畻琛ㄨ揪寮忊€淸Microsoft.Build.Utilities.ToolLocationHelper]::GetLatestSDKTargetPlatformVersion(Windows, 10.0)鈥濄€傚璺緞鈥淐:\Users\DELL\AppData\Local\Microsoft SDKs鈥濈殑璁块棶琚嫆缁濄€?[C:\Users\DELL\AppData\Local\Temp\utide-cmake-helper-Q2noW8\build with spaces-鍗曞厓\CMakeFiles\4.3.4\VCTargetsPath.vcxproj]
      
          0 涓鍛?
          1 涓敊璇?
      
      宸茬敤鏃堕棿 00:00:00.12
      
  
    Exit code: 1
  
  
  
  
      at execute (file:///C:/codex_project/unitTest/.worktrees/fix-cli-launch-handshake/tools/workspace-smoke/unit-test-ide-cmake-helper.test.mjs:38:12)
      at configure (file:///C:/codex_project/unitTest/.worktrees/fix-cli-launch-handshake/tools/workspace-smoke/unit-test-ide-cmake-helper.test.mjs:83:10)
      at TestContext.<anonymous> (file:///C:/codex_project/unitTest/.worktrees/fix-cli-launch-handshake/tools/workspace-smoke/unit-test-ide-cmake-helper.test.mjs:99:5)
      at async Test.run (node:internal/test_runner/test:1389:7)
      at async startSubtestAfterBootstrap (node:internal/test_runner/harness:387:3) {
    generatedMessage: false,
    code: 'ERR_ASSERTION',
    actual: undefined,
    expected: undefined,
    operator: 'fail',
    diff: 'simple'
  }
[ELIFECYCLE] Command failed with exit code 1.
[ELIFECYCLE] Test failed. See above for more details.
[ELIFECYCLE] Command failed with exit code 1.
