[ERR_PNPM_UNSUPPORTED_ENGINE] Unsupported environment (bad pnpm and/or Node.js version)

Your pnpm version is incompatible with "C:\codex_project\unitTest\.worktrees\fix-cli-launch-handshake".

Expected version: 11.4.0
Got: 11.19.0

This is happening because the package's manifest has an engines.pnpm field specified.
To fix this issue, install the required pnpm version globally.

To install the latest version of pnpm, run "pnpm i -g pnpm".
To check your pnpm version, run "pnpm -v".
[ERROR] Command failed with exit code 1: pnpm install

pnpm: Command failed with exit code 1: pnpm install
    at getFinalError (file:///C:/Users/DELL/AppData/Local/node/corepack/v1/pnpm/11.4.0/dist/pnpm.mjs:3761:14)
    at makeError (file:///C:/Users/DELL/AppData/Local/node/corepack/v1/pnpm/11.4.0/dist/pnpm.mjs:6068:21)
    at getSyncResult (file:///C:/Users/DELL/AppData/Local/node/corepack/v1/pnpm/11.4.0/dist/pnpm.mjs:7912:10)
    at spawnSubprocessSync (file:///C:/Users/DELL/AppData/Local/node/corepack/v1/pnpm/11.4.0/dist/pnpm.mjs:7872:14)
    at execaCoreSync (file:///C:/Users/DELL/AppData/Local/node/corepack/v1/pnpm/11.4.0/dist/pnpm.mjs:7802:23)
    at callBoundExeca (file:///C:/Users/DELL/AppData/Local/node/corepack/v1/pnpm/11.4.0/dist/pnpm.mjs:10330:23)
    at boundExeca (file:///C:/Users/DELL/AppData/Local/node/corepack/v1/pnpm/11.4.0/dist/pnpm.mjs:10307:49)
    at sync (file:///C:/Users/DELL/AppData/Local/node/corepack/v1/pnpm/11.4.0/dist/pnpm.mjs:10462:14)
    at runPnpmCli (file:///C:/Users/DELL/AppData/Local/node/corepack/v1/pnpm/11.4.0/dist/pnpm.mjs:211922:5)
    at runDepsStatusCheck (file:///C:/Users/DELL/AppData/Local/node/corepack/v1/pnpm/11.4.0/dist/pnpm.mjs:213652:7)
